adamcrump@Mac assignment2 % git status
On branch master
Your branch is up to date with 'origin/master'.

nothing to commit, working tree clean
adamcrump@Mac assignment2 % mkdir docs
adamcrump@Mac assignment2 % cd docs
adamcrump@Mac docs % echo "paste your output here" > status.txt
adamcrump@Mac docs % cd ..
adamcrump@Mac assignment2 % git add docs/status.txt
adamcrump@Mac assignment2 % git commit -m "add git status output to docs/status.txt"
[master de7adfb] add git status output to docs/status.txt
 1 file changed, 1 insertion(+)
 create mode 100644 docs/status.txt
adamcrump@Mac assignment2 % git status
On branch master
Your branch is ahead of 'origin/master' by 1 commit.
  (use "git push" to publish your local commits)

Untracked files:
  (use "git add <file>..." to include in what will be committed)
        .idea/

nothing added to commit but untracked files present (use "git add" to track)
adamcrump@Mac assignment2 % git push
Enumerating objects: 5, done.
Counting objects: 100% (5/5), done.
Delta compression using up to 14 threads
Compressing objects: 100% (2/2), done.
Writing objects: 100% (4/4), 348 bytes | 348.00 KiB/s, done.
Total 4 (delta 1), reused 0 (delta 0), pack-reused 0
remote: Resolving deltas: 100% (1/1), completed with 1 local object.
To github.com:tab19e/assignment2.git
   f4975e5..de7adfb  master -> master
adamcrump@Mac assignment2 % 

